[devsaidul.com/tf/index.html]
[backblue.gif]
[fade.gif]
[index.html]
[devsaidul.com/tf/assets/img/favicon.png]
[devsaidul.com/tf/assets/css/bootstrap.min.css]
[devsaidul.com/tf/assets/css/animate.min.css]
[devsaidul.com/tf/assets/css/icofont.min.css]
[devsaidul.com/tf/assets/css/magnific-popup.css]
[devsaidul.com/tf/assets/css/fontawesome-all.min.css]
[devsaidul.com/tf/assets/css/odometer.min.css]
[devsaidul.com/tf/assets/css/nice-select.css]
[devsaidul.com/tf/assets/css/meanmenu.css]
[devsaidul.com/tf/assets/css/swipper.css]
[devsaidul.com/tf/assets/css/main.css]
[devsaidul.com/tf/assets/img/logo/logo.png]
[devsaidul.com/tf/assets/img/logo/logo-bg.png]
[devsaidul.com/tf/assets/img/bg/flag.png]
[devsaidul.com/tf/index-2.html]
[devsaidul.com/tf/index-3.html]
[devsaidul.com/tf/index-4.html]
[devsaidul.com/tf/index-5.html]
[devsaidul.com/tf/index-6.html]
[devsaidul.com/tf/about.html]
[devsaidul.com/tf/service.html]
[devsaidul.com/tf/project.html]
[devsaidul.com/tf/project-details.html]
[devsaidul.com/tf/team.html]
[devsaidul.com/tf/team-details.html]
[devsaidul.com/tf/error.html]
[devsaidul.com/tf/blog.html]
[devsaidul.com/tf/blog-list.html]
[devsaidul.com/tf/blog-details.html]
[devsaidul.com/tf/contact.html]
[devsaidul.com/tf/assets/img/banner/banner-1.jpg]
[devsaidul.com/tf/assets/img/banner/shape-1.png]
[devsaidul.com/tf/assets/img/banner/shape-2.png]
[devsaidul.com/tf/assets/img/banner/shape-3.png]
[devsaidul.com/tf/assets/img/banner/shape-4.png]
[devsaidul.com/tf/assets/img/banner/shape-5.png]
[devsaidul.com/tf/assets/img/feature/feature-map.png]
[devsaidul.com/tf/assets/img/feature/feature-bg-1.jpg]
[devsaidul.com/tf/assets/img/feature/feature-bg-2.jpg]
[devsaidul.com/tf/assets/img/feature/feature-bg-3.jpg]
[devsaidul.com/tf/assets/img/feature/feature-bg-4.jpg]
[devsaidul.com/tf/assets/img/about/shape-2.png]
[devsaidul.com/tf/assets/img/about/about-1.jpg]
[devsaidul.com/tf/assets/img/about/play-btn.png]
[devsaidul.com/tf/assets/img/about/about-2.jpg]
[devsaidul.com/tf/assets/img/about/shape-1.png]
[devsaidul.com/tf/assets/img/about/about-admin.png]
[devsaidul.com/tf/assets/img/about/signature.png]
[devsaidul.com/tf/assets/img/service/service-1.jpg]
[devsaidul.com/tf/assets/img/service/service-2.jpg]
[devsaidul.com/tf/assets/img/service/service-3.jpg]
[devsaidul.com/tf/assets/img/choose/shape-1.png]
[devsaidul.com/tf/assets/img/choose/shape-2.png]
[devsaidul.com/tf/assets/img/choose/shape-3.png]
[devsaidul.com/tf/assets/img/choose/choose-bg.png]
[devsaidul.com/tf/assets/img/choose/choose-1.jpg]
[devsaidul.com/tf/assets/img/project/bg-project.jpg]
[devsaidul.com/tf/assets/img/project/project-1.jpg]
[devsaidul.com/tf/assets/img/project/project-2.jpg]
[devsaidul.com/tf/assets/img/project/project-3.jpg]
[devsaidul.com/tf/assets/img/project/project-4.jpg]
[devsaidul.com/tf/assets/img/cta/cta-bg.jpg]
[devsaidul.com/tf/assets/img/cta/shape-2.png]
[devsaidul.com/tf/assets/img/cta/cta-play-bg.png]
[devsaidul.com/tf/assets/img/cta/play-btn.png]
[devsaidul.com/tf/assets/img/cta/cta-map.png]
[devsaidul.com/tf/assets/img/brand/brand.png]
[devsaidul.com/tf/assets/img/brand/brand-hover.png]
[devsaidul.com/tf/assets/img/counter/counter-1.jpg]
[devsaidul.com/tf/assets/img/testimonial/testimonial-shape.png]
[devsaidul.com/tf/assets/img/testimonial/testimonial-1.png]
[devsaidul.com/tf/assets/img/testimonial/testimonial-2.png]
[devsaidul.com/tf/assets/img/testimonial/testimonial-3.png]
[devsaidul.com/tf/assets/img/testimonial/qoute.png]
[devsaidul.com/tf/assets/img/contact/contact.jpg]
[devsaidul.com/tf/assets/img/contact/contact-map.png]
[devsaidul.com/tf/assets/img/blog/blog-shape-1.png]
[devsaidul.com/tf/assets/img/blog/blog-shape-2.png]
[devsaidul.com/tf/assets/img/blog/blog-shape-3.png]
[devsaidul.com/tf/assets/img/blog/blog-shape-4.png]
[devsaidul.com/tf/assets/img/blog/blog-1.jpg]
[devsaidul.com/tf/assets/img/blog/blog-2.jpg]
[devsaidul.com/tf/assets/img/blog/blog-3.jpg]
[devsaidul.com/tf/assets/img/newsletter/newsletter-icon.png]
[devsaidul.com/tf/assets/img/newsletter/map.png]
[devsaidul.com/tf/assets/img/newsletter/shape-1.png]
[devsaidul.com/tf/assets/img/newsletter/shape-2.png]
[devsaidul.com/tf/assets/img/footer/footer-bg.png]
[devsaidul.com/tf/assets/img/footer/footer-shape-1.png]
[devsaidul.com/tf/assets/img/footer/footer-map.png]
[devsaidul.com/tf/assets/img/footer/post-1.png]
[devsaidul.com/tf/assets/img/footer/post-2.png]
[devsaidul.com/tf/assets/js/jquery.min.js]
[devsaidul.com/tf/assets/js/bootstrap.bundle.min.js]
[devsaidul.com/tf/assets/js/swipper-bundle.min.js]
[devsaidul.com/tf/assets/js/jquery.meanmenu.min.js]
[devsaidul.com/tf/assets/js/wow.min.js]
[devsaidul.com/tf/assets/js/jquery.nice-select.min.js]
[devsaidul.com/tf/assets/js/jquery.scrollUp.min.js]
[devsaidul.com/tf/assets/js/jquery.magnific-popup.min.js]
[devsaidul.com/tf/assets/js/odometer.min.js]
[devsaidul.com/tf/assets/js/appear.min.js]
[devsaidul.com/tf/assets/js/main.js]
[devsaidul.com/tf/index.html]
[devsaidul.com/tf/assets/css/bootstrap.min.css]
[devsaidul.com/tf/assets/css/animate.min.css]
[devsaidul.com/tf/assets/fonts/icofont.woff2]
[devsaidul.com/tf/assets/fonts/icofont.woff]
[devsaidul.com/tf/assets/css/icofont.min.css]
[devsaidul.com/tf/assets/css/magnific-popup.css]
[devsaidul.com/tf/assets/fonts/fa-brands-400.eot]
[devsaidul.com/tf/assets/fonts/fa-brands-400d41d.eot]
[devsaidul.com/tf/assets/fonts/fa-brands-400.woff2]
[devsaidul.com/tf/assets/fonts/fa-brands-400.woff]
[devsaidul.com/tf/assets/fonts/fa-brands-400.ttf]
[devsaidul.com/tf/assets/fonts/fa-duotone-900.eot]
[devsaidul.com/tf/assets/fonts/fa-duotone-900d41d.eot]
[devsaidul.com/tf/assets/fonts/fa-duotone-900.woff2]
[devsaidul.com/tf/assets/fonts/fa-duotone-900.woff]
[devsaidul.com/tf/assets/fonts/fa-duotone-900.ttf]
[devsaidul.com/tf/assets/fonts/fa-light-300.eot]
[devsaidul.com/tf/assets/fonts/fa-light-300d41d.eot]
[devsaidul.com/tf/assets/fonts/fa-light-300.woff2]
[devsaidul.com/tf/assets/fonts/fa-light-300.woff]
[devsaidul.com/tf/assets/fonts/fa-light-300.ttf]
[devsaidul.com/tf/assets/fonts/fa-regular-400.eot]
[devsaidul.com/tf/assets/fonts/fa-regular-400d41d.eot]
[devsaidul.com/tf/assets/fonts/fa-regular-400.woff2]
[devsaidul.com/tf/assets/fonts/fa-regular-400.woff]
[devsaidul.com/tf/assets/fonts/fa-regular-400.ttf]
[devsaidul.com/tf/assets/fonts/fa-solid-900.eot]
[devsaidul.com/tf/assets/fonts/fa-solid-900d41d.eot]
[devsaidul.com/tf/assets/fonts/fa-solid-900.woff2]
[devsaidul.com/tf/assets/fonts/fa-solid-900.woff]
[devsaidul.com/tf/assets/fonts/fa-solid-900.ttf]
[devsaidul.com/tf/assets/css/fontawesome-all.min.css]
[devsaidul.com/tf/assets/css/odometer.min.css]
[devsaidul.com/tf/assets/css/nice-select.css]
[devsaidul.com/tf/assets/css/meanmenu.css]
[devsaidul.com/tf/assets/css/swipper.css]
[devsaidul.com/tf/assets/img/bg/waves-shape.png]
[devsaidul.com/tf/assets/img/cta/cta-51.png]
[devsaidul.com/tf/assets/img/cta/cta-52.png]
[devsaidul.com/tf/assets/img/management/arrow.png]
[devsaidul.com/tf/assets/img/custom/arrow-2.png]
[devsaidul.com/tf/assets/css/main.css]
[devsaidul.com/tf/assets/img/logo/logo-2.png]
[devsaidul.com/tf/assets/img/banner/home-2-banner-1.jpg]
[devsaidul.com/tf/assets/img/banner/home-2-shape-1.png]
[devsaidul.com/tf/assets/img/banner/banner-map-2.png]
[devsaidul.com/tf/assets/img/banner/banner-shape-img-2.png]
[devsaidul.com/tf/assets/img/about/home-2_about-shape-1.png]
[devsaidul.com/tf/assets/img/about/home-2_about-1.jpg]
[devsaidul.com/tf/assets/img/about/home-2_about-21.jpg]
[devsaidul.com/tf/assets/img/about/home-2_about-22.jpg]
[devsaidul.com/tf/assets/img/about/home-2_about-cirlcle-2.png]
[devsaidul.com/tf/assets/img/about/about-content-bg-2.png]
[devsaidul.com/tf/assets/img/about/headphones-2.png]
[devsaidul.com/tf/assets/img/service/home-2_service-bg.jpg]
[devsaidul.com/tf/assets/img/management/bg-img.png]
[devsaidul.com/tf/assets/img/management/headphones-icon-2.png]
[devsaidul.com/tf/assets/img/management/1.png]
[devsaidul.com/tf/assets/img/management/press-icon-2.png]
[devsaidul.com/tf/assets/img/team/team-1.jpg]
[devsaidul.com/tf/assets/img/team/team-2.jpg]
[devsaidul.com/tf/assets/img/team/team-3.jpg]
[devsaidul.com/tf/assets/img/bg/bg-1.jpg]
[devsaidul.com/tf/assets/img/cta/cta-21.jpg]
[devsaidul.com/tf/assets/img/cta/home-2_shape-1.png]
[devsaidul.com/tf/assets/img/cta/cta-22.jpg]
[devsaidul.com/tf/assets/img/cta/cta-23.jpg]
[devsaidul.com/tf/assets/img/testimonial/home-2_shape-2.png]
[devsaidul.com/tf/assets/img/testimonial/home-2_img-1.png]
[devsaidul.com/tf/assets/img/testimonial/home-2_img-2.png]
[devsaidul.com/tf/assets/img/testimonial/home-2_img-3.png]
[devsaidul.com/tf/assets/img/testimonial/home-2_shape-1.png]
[devsaidul.com/tf/assets/img/recent/recent-shape-1.png]
[devsaidul.com/tf/assets/img/recent/1.jpg]
[devsaidul.com/tf/assets/img/recent/recent-shape-2.png]
[devsaidul.com/tf/assets/img/recent/2.jpg]
[devsaidul.com/tf/assets/img/recent/recent-shape-3.png]
[devsaidul.com/tf/assets/img/recent/3.jpg]
[devsaidul.com/tf/assets/img/recent/4.jpg]
[devsaidul.com/tf/index-2.html]
[devsaidul.com/tf/assets/img/banner/home-3_banner-1.jpg]
[devsaidul.com/tf/assets/img/banner/home-3_shape-1.png]
[devsaidul.com/tf/assets/img/banner/home-3_shape-2.png]
[devsaidul.com/tf/assets/img/banner/home-3_banner-2.png]
[devsaidul.com/tf/assets/img/about/about-map-3.png]
[devsaidul.com/tf/assets/img/about/home-3_about-1.jpg]
[devsaidul.com/tf/assets/img/service/home-3_service-bg.jpg]
[devsaidul.com/tf/assets/img/brand/brand-3.png]
[devsaidul.com/tf/assets/img/project/bg-project-3.jpg]
[devsaidul.com/tf/assets/img/testimonial/home-3_shape-2.png]
[devsaidul.com/tf/assets/img/testimonial/qoute-3.png]
[devsaidul.com/tf/assets/img/newsletter/newsletter-bg-3.jpg]
[devsaidul.com/tf/index-3.html]
[devsaidul.com/tf/assets/img/logo/logo-bg-4.png]
[devsaidul.com/tf/assets/img/banner/banner-4-shape-1.png]
[devsaidul.com/tf/assets/img/banner/banner-4-shape-2.png]
[devsaidul.com/tf/assets/img/banner/banner-4-map.png]
[devsaidul.com/tf/assets/img/banner/banner-4.png]
[devsaidul.com/tf/assets/img/about/about-4.png]
[devsaidul.com/tf/assets/img/about/about-content-img-4.jpg]
[devsaidul.com/tf/assets/img/feature/feature-bg-4.png]
[devsaidul.com/tf/assets/img/service/service-41.jpg]
[devsaidul.com/tf/assets/img/cta/bg-shape-4.png]
[devsaidul.com/tf/assets/img/cta/cta-41.jpg]
[devsaidul.com/tf/assets/img/project/project-41.jpg]
[devsaidul.com/tf/assets/img/project/project-42.jpg]
[devsaidul.com/tf/assets/img/project/project-43.jpg]
[devsaidul.com/tf/assets/img/custom/custom-1.jpg]
[devsaidul.com/tf/assets/img/team/team-41.jpg]
[devsaidul.com/tf/assets/img/team/team-42.jpg]
[devsaidul.com/tf/assets/img/team/team-43.jpg]
[devsaidul.com/tf/assets/img/team/team-44.jpg]
[devsaidul.com/tf/assets/img/testimonial/quote-52.png]
[devsaidul.com/tf/assets/img/testimonial/home-4_map.png]
[devsaidul.com/tf/assets/img/testimonial/testimonial-admin-4.png]
[devsaidul.com/tf/assets/img/testimonial/home-4_shape-1.png]
[devsaidul.com/tf/index-4.html]
[devsaidul.com/tf/assets/img/banner/banner-5.png]
[devsaidul.com/tf/assets/img/service/service-51.jpg]
[devsaidul.com/tf/assets/img/service/service-52.jpg]
[devsaidul.com/tf/assets/img/service/service-53.jpg]
[devsaidul.com/tf/assets/img/about/about-shape-51.png]
[devsaidul.com/tf/assets/img/about/about-shape-52.png]
[devsaidul.com/tf/assets/img/about/about-51.png]
[devsaidul.com/tf/assets/img/about/about-52.png]
[devsaidul.com/tf/assets/img/team/team-bg-5.png]
[devsaidul.com/tf/assets/img/team/team-51.jpg]
[devsaidul.com/tf/assets/img/team/team-52.jpg]
[devsaidul.com/tf/assets/img/team/team-53.jpg]
[devsaidul.com/tf/assets/img/project/project-51.jpg]
[devsaidul.com/tf/assets/img/project/project-52.jpg]
[devsaidul.com/tf/assets/img/project/project-53.jpg]
[devsaidul.com/tf/assets/img/project/project-54.jpg]
[devsaidul.com/tf/assets/img/testimonial/quote-51.png]
[devsaidul.com/tf/assets/img/testimonial/testimonial-map-5.png]
[devsaidul.com/tf/assets/img/testimonial/testimonial-51.png]
[devsaidul.com/tf/assets/img/testimonial/testimonial-52.png]
[devsaidul.com/tf/assets/img/testimonial/testimonial-53.png]
[devsaidul.com/tf/assets/img/skills/skills-51.png]
[devsaidul.com/tf/assets/img/skills/skills-52.png]
[devsaidul.com/tf/assets/img/video/video.png]
[devsaidul.com/tf/assets/img/video/video-shape-2.png]
[devsaidul.com/tf/index-5.html]
[devsaidul.com/tf/assets/img/banner/banner-shape-61.png]
[devsaidul.com/tf/assets/img/banner/banner-6.png]
[devsaidul.com/tf/assets/img/service/service-bg-6.png]
[devsaidul.com/tf/assets/img/service/service-61.png]
[devsaidul.com/tf/assets/img/testimonial/testimonial-map-6.png]
[devsaidul.com/tf/assets/img/testimonial/testimonial-6.png]
[devsaidul.com/tf/assets/img/management/management-bg-6.png]
[devsaidul.com/tf/assets/img/management/management-6.png]
[devsaidul.com/tf/assets/img/management/press-icon-6.png]
[devsaidul.com/tf/assets/img/skills/skill-6.png]
[devsaidul.com/tf/assets/img/footer/footer-map-6.png]
[devsaidul.com/tf/index-6.html]
[devsaidul.com/tf/assets/img/breadcrumb/breadcrumb-bg.jpg]
[devsaidul.com/tf/assets/img/breadcrumb/shape-1.png]
[devsaidul.com/tf/assets/img/breadcrumb/breadcrumb-map.png]
[devsaidul.com/tf/assets/img/breadcrumb/shape-2.png]
[devsaidul.com/tf/assets/img/about/about-page-1.jpg]
[devsaidul.com/tf/about.html]
[devsaidul.com/tf/assets/img/service/service-4.jpg]
[devsaidul.com/tf/assets/img/service/service-5.jpg]
[devsaidul.com/tf/assets/img/service/service-6.jpg]
[devsaidul.com/tf/service.html]
[devsaidul.com/tf/assets/img/project/project-5.jpg]
[devsaidul.com/tf/assets/img/project/project-6.jpg]
[devsaidul.com/tf/project.html]
[devsaidul.com/tf/assets/img/project/project-details-1.jpg]
[devsaidul.com/tf/assets/img/project/project-details-2.jpg]
[devsaidul.com/tf/project-details.html]
[devsaidul.com/tf/assets/img/team/team-4.jpg]
[devsaidul.com/tf/assets/img/team/team-5.jpg]
[devsaidul.com/tf/assets/img/team/team-6.jpg]
[devsaidul.com/tf/team.html]
[devsaidul.com/tf/team-details.html]
[devsaidul.com/tf/assets/img/error/error.png]
[devsaidul.com/tf/error.html]
[devsaidul.com/tf/assets/img/blog/blog-4.jpg]
[devsaidul.com/tf/assets/img/blog/blog-5.jpg]
[devsaidul.com/tf/assets/img/blog/blog-6.jpg]
[devsaidul.com/tf/blog.html]
[devsaidul.com/tf/assets/img/blog/blog-list-1.jpg]
[devsaidul.com/tf/assets/img/blog/blog-list-2.jpg]
[devsaidul.com/tf/assets/img/blog/blog-list-3.jpg]
[devsaidul.com/tf/assets/img/blog/recent-post-1.jpg]
[devsaidul.com/tf/assets/img/blog/recent-post-2.jpg]
[devsaidul.com/tf/assets/img/blog/recent-post-3.jpg]
[devsaidul.com/tf/blog-list.html]
[devsaidul.com/tf/assets/img/blog/blog-details.jpg]
[devsaidul.com/tf/assets/img/blog/blog-admin-1.png]
[devsaidul.com/tf/assets/img/blog/blog-admin-2.png]
[devsaidul.com/tf/blog-details.html]
[devsaidul.com/tf/contact.html]
[devsaidul.com/tf/assets/fonts/fa-brands-400.html]
[devsaidul.com/tf/assets/fonts/fa-duotone-900.html]
[devsaidul.com/tf/assets/fonts/fa-light-300.html]
[devsaidul.com/tf/assets/fonts/fa-regular-400.html]
[devsaidul.com/tf/assets/fonts/fa-solid-900.html]
[devsaidul.com/tf/assets/img/icon/close.html]
[devsaidul.com/tf/assets/img/bg/close.html]
